******************************************************************************
                  MSP430 Linker PC v4.3.3                      
******************************************************************************
>> Linked Sat Apr 16 23:41:27 2016

OUTPUT FILE NAME:   <MSP430F2274_EVM.out>
ENTRY POINT SYMBOL: "_c_int00"  address: 00008576


MEMORY CONFIGURATION

         name            origin    length      used     unused   attr    fill
----------------------  --------  ---------  --------  --------  ----  --------
  SFR                   00000000   00000010  00000000  00000010  RWIX
  PERIPHERALS_8BIT      00000010   000000f0  00000000  000000f0  RWIX
  PERIPHERALS_16BIT     00000100   00000100  00000000  00000100  RWIX
  RAM                   00000200   00000400  000000c0  00000340  RWIX
  INFOD                 00001000   00000040  00000000  00000040  RWIX
  INFOC                 00001040   00000040  00000000  00000040  RWIX
  INFOB                 00001080   00000040  00000000  00000040  RWIX
  INFOA                 000010c0   00000040  00000000  00000040  RWIX
  FLASH                 00008000   00007fde  00000670  0000796e  RWIX
  INT00                 0000ffe0   00000002  00000000  00000002  RWIX
  INT01                 0000ffe2   00000002  00000000  00000002  RWIX
  INT02                 0000ffe4   00000002  00000002  00000000  RWIX
  INT03                 0000ffe6   00000002  00000002  00000000  RWIX
  INT04                 0000ffe8   00000002  00000000  00000002  RWIX
  INT05                 0000ffea   00000002  00000002  00000000  RWIX
  INT06                 0000ffec   00000002  00000002  00000000  RWIX
  INT07                 0000ffee   00000002  00000002  00000000  RWIX
  INT08                 0000fff0   00000002  00000002  00000000  RWIX
  INT09                 0000fff2   00000002  00000002  00000000  RWIX
  INT10                 0000fff4   00000002  00000002  00000000  RWIX
  INT11                 0000fff6   00000002  00000000  00000002  RWIX
  INT12                 0000fff8   00000002  00000002  00000000  RWIX
  INT13                 0000fffa   00000002  00000002  00000000  RWIX
  INT14                 0000fffc   00000002  00000002  00000000  RWIX
  RESET                 0000fffe   00000002  00000002  00000000  RWIX


SECTION ALLOCATION MAP

 output                                  attributes/
section   page    origin      length       input sections
--------  ----  ----------  ----------   ----------------
.init_array 
*          0    00008000    00000000     UNINITIALIZED

.sysmem    0    00000200    00000050     UNINITIALIZED
                  00000200    00000004     rts430_eabi.lib : memory.obj (.sysmem)
                  00000204    0000004c     --HOLE--

.data      0    00000250    00000016     UNINITIALIZED
                  00000250    00000006     dpp3438.obj (.data)
                  00000256    00000006     timer.obj (.data)
                  0000025c    00000004     rts430_eabi.lib : _lock.obj (.data)
                  00000260    00000002     I2C.obj (.data)
                  00000262    00000002     main.obj (.data)
                  00000264    00000002     rts430_eabi.lib : memory.obj (.data)

.TI.persistent 
*          0    00000250    00000000     UNINITIALIZED

.bss       0    00000266    0000000a     UNINITIALIZED
                  00000266    00000002     (.common:__i2c_frameBuffer)
                  00000268    00000002     (.common:memsize)
                  0000026a    00000002     (.common:sys_base)
                  0000026c    00000002     (.common:sys_free)
                  0000026e    00000001     (.common:__i2c_bufferEnd)
                  0000026f    00000001     (.common:__i2c_bufferStart)

.TI.noinit 
*          0    00000266    00000000     UNINITIALIZED

.stack     0    000005b0    00000050     UNINITIALIZED
                  000005b0    00000002     rts430_eabi.lib : boot.obj (.stack)
                  000005b2    0000004e     --HOLE--

.text      0    00008000    00000646     
                  00008000    00000128     I2C.obj (.text:USCIAB0TX_ISR)
                  00008128    000000ae     rts430_eabi.lib : memory.obj (.text:malloc)
                  000081d6    0000006e     I2C.obj (.text:i2c_addToQueue)
                  00008244    0000006e     main.obj (.text:main)
                  000082b2    0000005e     rts430_eabi.lib : copy_decompress_rle.obj (.text:__TI_decompress_rle_core)
                  00008310    0000005e                     : autoinit.obj (.text:_auto_init)
                  0000836e    00000056     I2C.obj (.text:USCIAB0RX_ISR)
                  000083c4    0000004c     I2C.obj (.text:i2c_startTransacting)
                  00008410    00000042     button.obj (.text:button_checkPowerKey)
                  00008452    00000040     I2C.obj (.text:i2c_masterInit)
                  00008492    0000003a     dpp3438.obj (.text:dpp_dispCurtain)
                  000084cc    00000038     rts430_eabi.lib : memory.obj (.text:minit)
                  00008504    0000002c     timer.obj (.text:timer_waitMilli)
                  00008530    00000028     util.obj (.text:util_initClock)
                  00008558    0000001e     dpp3438.obj (.text:dpp_init)
                  00008576    0000001a     rts430_eabi.lib : boot.obj (.text:_c_int00_noexit)
                  00008590    00000018     dpp3438.obj (.text:dpp_turnOn)
                  000085a8    00000016     timer.obj (.text:TIMERA0_ISR)
                  000085be    00000016     timer.obj (.text:timer_initA0)
                  000085d4    00000014     rts430_eabi.lib : copy_zero_init.obj (.text:decompress:ZI:__TI_zero_init)
                  000085e8    00000012                     : copy_decompress_none.obj (.text:decompress:none:__TI_decompress_none)
                  000085fa    00000012                     : memcpy.obj (.text:memcpy)
                  0000860c    00000010                     : epilog.obj (.text)
                  0000861c    0000000c     button.obj (.text:button_initPorts)
                  00008628    00000008     dpp3438.obj (.text:dpp_turnOff)
                  00008630    00000006     rts430_eabi.lib : isr_trap.obj (.text:__TI_ISR_TRAP)
                  00008636    00000006                     : copy_decompress_rle.obj (.text:decompress:rle24:__TI_decompress_rle24)
                  0000863c    00000004                     : pre_init.obj (.text:_system_pre_init)
                  00008640    00000004                     : exit.obj (.text:abort)
                  00008644    00000002                     : _lock.obj (.text:_nop)

.cinit     0    00008646    0000002a     
                  00008646    00000018     (.cinit..data.load) [load image, compression = rle]
                  0000865e    00000006     (__TI_handler_table)
                  00008664    00000004     (.cinit..bss.load) [load image, compression = zero_init]
                  00008668    00000008     (__TI_cinit_table)

PORT1      0    0000ffe4    00000002     
                  0000ffe4    00000002     rts430_eabi.lib : int02.obj (.int02)

PORT2      0    0000ffe6    00000002     
                  0000ffe6    00000002     rts430_eabi.lib : int03.obj (.int03)

ADC10      0    0000ffea    00000002     
                  0000ffea    00000002     rts430_eabi.lib : int05.obj (.int05)

USCIAB0TX 
*          0    0000ffec    00000002     
                  0000ffec    00000002     I2C.obj (.int06)

USCIAB0RX 
*          0    0000ffee    00000002     
                  0000ffee    00000002     I2C.obj (.int07)

TIMERA1    0    0000fff0    00000002     
                  0000fff0    00000002     rts430_eabi.lib : int08.obj (.int08)

TIMERA0    0    0000fff2    00000002     
                  0000fff2    00000002     timer.obj (.int09)

WDT        0    0000fff4    00000002     
                  0000fff4    00000002     rts430_eabi.lib : int10.obj (.int10)

TIMERB1    0    0000fff8    00000002     
                  0000fff8    00000002     rts430_eabi.lib : int12.obj (.int12)

TIMERB0    0    0000fffa    00000002     
                  0000fffa    00000002     rts430_eabi.lib : int13.obj (.int13)

NMI        0    0000fffc    00000002     
                  0000fffc    00000002     rts430_eabi.lib : int14.obj (.int14)

.reset     0    0000fffe    00000002     
                  0000fffe    00000002     rts430_eabi.lib : boot.obj (.reset)


LINKER GENERATED COPY TABLES

__TI_cinit_table @ 00008668 records: 2, size/record: 4, table size: 8
	.data: load addr=00008646, load size=00000018 bytes, run addr=00000250, run size=00000016 bytes, compression=rle
	.bss: load addr=00008664, load size=00000004 bytes, run addr=00000266, run size=0000000a bytes, compression=zero_init


LINKER GENERATED HANDLER TABLE

__TI_handler_table @ 0000865e records: 3, size/record: 2, table size: 6
	index: 0, handler: __TI_zero_init
	index: 1, handler: __TI_decompress_rle24
	index: 2, handler: __TI_decompress_none


GLOBAL SYMBOLS: SORTED ALPHABETICALLY BY Name 

address    name
--------   ----
0000004a   ADC10AE0
0000004b   ADC10AE1
000001b0   ADC10CTL0
000001b2   ADC10CTL1
00000048   ADC10DTC0
00000049   ADC10DTC1
000001b4   ADC10MEM
000001bc   ADC10SA
00000057   BCSCTL1
00000058   BCSCTL2
00000053   BCSCTL3
00008640   C$$EXIT
000010fb   CALBC1_12MHZ
000010f9   CALBC1_16MHZ
000010ff   CALBC1_1MHZ
000010fd   CALBC1_8MHZ
000010fa   CALDCO_12MHZ
000010f8   CALDCO_16MHZ
000010fe   CALDCO_1MHZ
000010fc   CALDCO_8MHZ
00000056   DCOCTL
00000128   FCTL1
0000012a   FCTL2
0000012c   FCTL3
00000000   IE1
00000001   IE2
00000002   IFG1
00000003   IFG2
000000c0   OA0CTL0
000000c1   OA0CTL1
000000c2   OA1CTL0
000000c3   OA1CTL1
00000022   P1DIR
00000025   P1IE
00000024   P1IES
00000023   P1IFG
00000020   P1IN
00000021   P1OUT
00000027   P1REN
00000026   P1SEL
0000002a   P2DIR
0000002d   P2IE
0000002c   P2IES
0000002b   P2IFG
00000028   P2IN
00000029   P2OUT
0000002f   P2REN
0000002e   P2SEL
0000001a   P3DIR
00000018   P3IN
00000019   P3OUT
00000010   P3REN
0000001b   P3SEL
0000001e   P4DIR
0000001c   P4IN
0000001d   P4OUT
00000011   P4REN
0000001f   P4SEL
00000172   TACCR0
00000174   TACCR1
00000176   TACCR2
00000162   TACCTL0
00000164   TACCTL1
00000166   TACCTL2
00000160   TACTL
0000012e   TAIV
00000170   TAR
00000192   TBCCR0
00000194   TBCCR1
00000196   TBCCR2
00000182   TBCCTL0
00000184   TBCCTL1
00000186   TBCCTL2
00000180   TBCTL
0000011e   TBIV
00000190   TBR
000085a8   TIMERA0_ISR
0000005d   UCA0ABCTL
00000062   UCA0BR0
00000063   UCA0BR1
00000060   UCA0CTL0
00000061   UCA0CTL1
0000005f   UCA0IRRCTL
0000005e   UCA0IRTCTL
00000064   UCA0MCTL
00000066   UCA0RXBUF
00000065   UCA0STAT
00000067   UCA0TXBUF
0000006a   UCB0BR0
0000006b   UCB0BR1
00000068   UCB0CTL0
00000069   UCB0CTL1
0000006c   UCB0I2CIE
00000118   UCB0I2COA
0000011a   UCB0I2CSA
0000006e   UCB0RXBUF
0000006d   UCB0STAT
0000006f   UCB0TXBUF
0000836e   USCIAB0RX_ISR
00008000   USCIAB0TX_ISR
00000120   WDTCTL
00000600   __STACK_END
00000050   __STACK_SIZE
00000050   __SYSMEM_SIZE
00008668   __TI_CINIT_Base
00008670   __TI_CINIT_Limit
0000865e   __TI_Handler_Table_Base
00008664   __TI_Handler_Table_Limit
UNDEFED    __TI_INITARRAY_Base
UNDEFED    __TI_INITARRAY_Limit
00008630   __TI_ISR_TRAP
00000001   __TI_args_main
000085e8   __TI_decompress_none
00008636   __TI_decompress_rle24
00000001   __TI_exit
0000ffe4   __TI_int02
0000ffe6   __TI_int03
0000ffea   __TI_int05
0000ffec   __TI_int06
0000ffee   __TI_int07
0000fff0   __TI_int08
0000fff2   __TI_int09
0000fff4   __TI_int10
0000fff8   __TI_int12
0000fffa   __TI_int13
0000fffc   __TI_int14
000085d4   __TI_zero_init
ffffffff   __binit__
ffffffff   __c_args__
0000026e   __i2c_bufferEnd
0000026f   __i2c_bufferStart
00000260   __i2c_currentStatus
00000266   __i2c_frameBuffer
00008618   __mspabi_func_epilog_1
00008616   __mspabi_func_epilog_2
00008614   __mspabi_func_epilog_3
00008612   __mspabi_func_epilog_4
00008610   __mspabi_func_epilog_5
0000860e   __mspabi_func_epilog_6
0000860c   __mspabi_func_epilog_7
00008310   _auto_init
00008576   _c_int00
00008576   _c_int00_noexit
0000025c   _lock
00008644   _nop
0000fffe   _reset_vector
000005b0   _stack
00000200   _sys_memory
0000863c   _system_pre_init
0000025e   _unlock
00008640   abort
ffffffff   binit
00008410   button_checkPowerKey
0000861c   button_initPorts
00008492   dpp_dispCurtain
00008558   dpp_init
00008628   dpp_turnOff
00008590   dpp_turnOn
000081d6   i2c_addToQueue
00008452   i2c_masterInit
000083c4   i2c_startTransacting
00008244   main
00008128   malloc
000085fa   memcpy
000084cc   minit
00000256   ms_tick_count
00000262   power_state
0000025a   timerA_overflows
000085be   timer_initA0
00008504   timer_waitMilli
00008530   util_initClock


GLOBAL SYMBOLS: SORTED BY Symbol Address 

address    name
--------   ----
00000000   IE1
00000001   IE2
00000001   __TI_args_main
00000001   __TI_exit
00000002   IFG1
00000003   IFG2
00000010   P3REN
00000011   P4REN
00000018   P3IN
00000019   P3OUT
0000001a   P3DIR
0000001b   P3SEL
0000001c   P4IN
0000001d   P4OUT
0000001e   P4DIR
0000001f   P4SEL
00000020   P1IN
00000021   P1OUT
00000022   P1DIR
00000023   P1IFG
00000024   P1IES
00000025   P1IE
00000026   P1SEL
00000027   P1REN
00000028   P2IN
00000029   P2OUT
0000002a   P2DIR
0000002b   P2IFG
0000002c   P2IES
0000002d   P2IE
0000002e   P2SEL
0000002f   P2REN
00000048   ADC10DTC0
00000049   ADC10DTC1
0000004a   ADC10AE0
0000004b   ADC10AE1
00000050   __STACK_SIZE
00000050   __SYSMEM_SIZE
00000053   BCSCTL3
00000056   DCOCTL
00000057   BCSCTL1
00000058   BCSCTL2
0000005d   UCA0ABCTL
0000005e   UCA0IRTCTL
0000005f   UCA0IRRCTL
00000060   UCA0CTL0
00000061   UCA0CTL1
00000062   UCA0BR0
00000063   UCA0BR1
00000064   UCA0MCTL
00000065   UCA0STAT
00000066   UCA0RXBUF
00000067   UCA0TXBUF
00000068   UCB0CTL0
00000069   UCB0CTL1
0000006a   UCB0BR0
0000006b   UCB0BR1
0000006c   UCB0I2CIE
0000006d   UCB0STAT
0000006e   UCB0RXBUF
0000006f   UCB0TXBUF
000000c0   OA0CTL0
000000c1   OA0CTL1
000000c2   OA1CTL0
000000c3   OA1CTL1
00000118   UCB0I2COA
0000011a   UCB0I2CSA
0000011e   TBIV
00000120   WDTCTL
00000128   FCTL1
0000012a   FCTL2
0000012c   FCTL3
0000012e   TAIV
00000160   TACTL
00000162   TACCTL0
00000164   TACCTL1
00000166   TACCTL2
00000170   TAR
00000172   TACCR0
00000174   TACCR1
00000176   TACCR2
00000180   TBCTL
00000182   TBCCTL0
00000184   TBCCTL1
00000186   TBCCTL2
00000190   TBR
00000192   TBCCR0
00000194   TBCCR1
00000196   TBCCR2
000001b0   ADC10CTL0
000001b2   ADC10CTL1
000001b4   ADC10MEM
000001bc   ADC10SA
00000200   _sys_memory
00000256   ms_tick_count
0000025a   timerA_overflows
0000025c   _lock
0000025e   _unlock
00000260   __i2c_currentStatus
00000262   power_state
00000266   __i2c_frameBuffer
0000026e   __i2c_bufferEnd
0000026f   __i2c_bufferStart
000005b0   _stack
00000600   __STACK_END
000010f8   CALDCO_16MHZ
000010f9   CALBC1_16MHZ
000010fa   CALDCO_12MHZ
000010fb   CALBC1_12MHZ
000010fc   CALDCO_8MHZ
000010fd   CALBC1_8MHZ
000010fe   CALDCO_1MHZ
000010ff   CALBC1_1MHZ
00008000   USCIAB0TX_ISR
00008128   malloc
000081d6   i2c_addToQueue
00008244   main
00008310   _auto_init
0000836e   USCIAB0RX_ISR
000083c4   i2c_startTransacting
00008410   button_checkPowerKey
00008452   i2c_masterInit
00008492   dpp_dispCurtain
000084cc   minit
00008504   timer_waitMilli
00008530   util_initClock
00008558   dpp_init
00008576   _c_int00
00008576   _c_int00_noexit
00008590   dpp_turnOn
000085a8   TIMERA0_ISR
000085be   timer_initA0
000085d4   __TI_zero_init
000085e8   __TI_decompress_none
000085fa   memcpy
0000860c   __mspabi_func_epilog_7
0000860e   __mspabi_func_epilog_6
00008610   __mspabi_func_epilog_5
00008612   __mspabi_func_epilog_4
00008614   __mspabi_func_epilog_3
00008616   __mspabi_func_epilog_2
00008618   __mspabi_func_epilog_1
0000861c   button_initPorts
00008628   dpp_turnOff
00008630   __TI_ISR_TRAP
00008636   __TI_decompress_rle24
0000863c   _system_pre_init
00008640   C$$EXIT
00008640   abort
00008644   _nop
0000865e   __TI_Handler_Table_Base
00008664   __TI_Handler_Table_Limit
00008668   __TI_CINIT_Base
00008670   __TI_CINIT_Limit
0000ffe4   __TI_int02
0000ffe6   __TI_int03
0000ffea   __TI_int05
0000ffec   __TI_int06
0000ffee   __TI_int07
0000fff0   __TI_int08
0000fff2   __TI_int09
0000fff4   __TI_int10
0000fff8   __TI_int12
0000fffa   __TI_int13
0000fffc   __TI_int14
0000fffe   _reset_vector
ffffffff   __binit__
ffffffff   __c_args__
ffffffff   binit
UNDEFED    __TI_INITARRAY_Base
UNDEFED    __TI_INITARRAY_Limit

[171 symbols]
